[     915ms] [ERROR] The Content Security Policy directive 'frame-ancestors' is ignored when delivered via a <meta> element. @ https://prelive.app.doctornow.io/dashboard:22
[    1145ms] [ERROR] Failed to load resource: the server responded with a status of 404 () @ https://prelive.app.doctornow.io/styles.css:0
[    3431ms] [LOG] companyLogoPath null @ https://prelive.app.doctornow.io/chunk-2ZQLEXOC.js:7453
[    3439ms] [LOG] TypeError: Cannot read properties of null (reading 'product_owner')
    at new t (https://prelive.app.doctornow.io/chunk-2ZQLEXOC.js:7970:132131)
    at bO.ɵfac [as factory] (https://prelive.app.doctornow.io/chunk-2ZQLEXOC.js:7970:160507)
    at _O (https://prelive.app.doctornow.io/chunk-2ZQLEXOC.js:7447:24158)
    at Eft (https://prelive.app.doctornow.io/chunk-2ZQLEXOC.js:7447:49188)
    at Eoe (https://prelive.app.doctornow.io/chunk-2ZQLEXOC.js:7447:44675)
    at A (https://prelive.app.doctornow.io/chunk-2ZQLEXOC.js:7447:93320)
    at Ne (https://prelive.app.doctornow.io/chunk-2ZQLEXOC.js:7447:93705)
    at template (https://prelive.app.doctornow.io/main-43FSBN6U.js:2075:148817)
    at JSe (https://prelive.app.doctornow.io/chunk-2ZQLEXOC.js:7447:44412)
    at Poe (https://prelive.app.doctornow.io/chunk-2ZQLEXOC.js:7447:52463) @ https://prelive.app.doctornow.io/chunk-2ZQLEXOC.js:7453
[    3447ms] [ERROR] ERROR TypeError: Cannot read properties of null (reading 'product_owner')
    at new t (https://prelive.app.doctornow.io/chunk-2ZQLEXOC.js:7970:132131)
    at bO.ɵfac [as factory] (https://prelive.app.doctornow.io/chunk-2ZQLEXOC.js:7970:160507)
    at _O (https://prelive.app.doctornow.io/chunk-2ZQLEXOC.js:7447:24158)
    at Eft (https://prelive.app.doctornow.io/chunk-2ZQLEXOC.js:7447:49188)
    at Eoe (https://prelive.app.doctornow.io/chunk-2ZQLEXOC.js:7447:44675)
    at A (https://prelive.app.doctornow.io/chunk-2ZQLEXOC.js:7447:93320)
    at Ne (https://prelive.app.doctornow.io/chunk-2ZQLEXOC.js:7447:93705)
    at template (https://prelive.app.doctornow.io/main-43FSBN6U.js:2075:148817)
    at JSe (https://prelive.app.doctornow.io/chunk-2ZQLEXOC.js:7447:44412)
    at Poe (https://prelive.app.doctornow.io/chunk-2ZQLEXOC.js:7447:52463) @ https://prelive.app.doctornow.io/chunk-2ZQLEXOC.js:7453
